
mysql> use organization;
Reading table information for completion of table and column names
You can turn off this feature to get a quicker startup with -A

Database changed
mysql> select * from Department;
+---------+-----------+
| dept_no | dept_name |
+---------+-----------+
| d0      | ijk       |
| d1      | xyz       |
| d2      | abc       |
| d3      | bcd       |
| d4      | cde       |
| d5      | def       |
| d6      | efg       |
| d7      | fgh       |
| d8      | ghi       |
| d9      | hij       |
+---------+-----------+
10 rows in set (0.03 sec)

mysql> select * from Employee;
Empty set (0.03 sec)

mysql> delete *from Department;
ERROR 1064 (42000): You have an error in your SQL syntax; check the manual that corresponds to your MySQL server version for the right syntax to use near '*from Department' at line 1
mysql> delete from Department;
Query OK, 10 rows affected (0.03 sec)

mysql> select * from Department;
Empty set (0.00 sec)

mysql> insert into Department values ('d1','abc'),('d2','abc'),('d3','bcd'),('d4','cde'),('d5','def'),('d6','efg'),('d7','fgh'),('d8','ghi'),('d9','hij'),('d0','ijk');
Query OK, 10 rows affected (0.04 sec)
Records: 10  Duplicates: 0  Warnings: 0

mysql> 
mysql> select * from Department;
+---------+-----------+
| dept_no | dept_name |
+---------+-----------+
| d0      | ijk       |
| d1      | abc       |
| d2      | abc       |
| d3      | bcd       |
| d4      | cde       |
| d5      | def       |
| d6      | efg       |
| d7      | fgh       |
| d8      | ghi       |
| d9      | hij       |
+---------+-----------+
10 rows in set (0.00 sec)

mysql> delete from Department;
Query OK, 10 rows affected (0.01 sec)

mysql> insert into Department values ('d0','abc'),('d1','bcd'),('d2','cde'),('d3','def'),('d4','efg'),('d5','fgh'),('d6','ghi'),('d7','hij'),('d8','ijk'),('d9','jkl');
Query OK, 10 rows affected (0.00 sec)
Records: 10  Duplicates: 0  Warnings: 0

mysql> select * from Department;
+---------+-----------+
| dept_no | dept_name |
+---------+-----------+
| d0      | abc       |
| d1      | bcd       |
| d2      | cde       |
| d3      | def       |
| d4      | efg       |
| d5      | fgh       |
| d6      | ghi       |
| d7      | hij       |
| d8      | ijk       |
| d9      | jkl       |
+---------+-----------+
10 rows in set (0.00 sec)

mysql> desc Employee;
+-------------+-------------+------+-----+---------+-------+
| Field       | Type        | Null | Key | Default | Extra |
+-------------+-------------+------+-----+---------+-------+
| emp_no      | varchar(5)  | NO   | PRI | NULL    |       |
| emp_name    | varchar(20) | YES  |     | NULL    |       |
| dob         | date        | YES  |     | NULL    |       |
| address     | text        | YES  |     | NULL    |       |
| mobile_no   | int         | YES  |     | NULL    |       |
| dept_no     | varchar(5)  | YES  | MUL | NULL    |       |
| salary      | int         | YES  |     | NULL    |       |
| Designation | varchar(20) | YES  |     | NULL    |       |
+-------------+-------------+------+-----+---------+-------+
8 rows in set (0.00 sec)

mysql> insert into Employee values ('emp0','Anu','1998-01-20','house1',9736262194,'d00',84852,'Computer assistant'),('emp1','Ben','1999-03-16','house2',9764311754,'d07',3804,'Guard'),('emp2','Arun','1999-04-06','house3',9513444866,'d05',225650,'Computer assistant'),('emp3','Donny','1998-08-25','house4',9739992942,'d09',44710,'Programmer'),('emp4','Rishi','1998-02-01','house5',9170346594,'d04',306217,'Manager'),('emp5','Fathima','1997-12-02','house2',9328381484,'d03',7000,'Technician'),('emp6','Gouri','1998-05-18','house6',9742590779,'d04',117885,'Programmer'),('emp7','Haseena','1998-04-29','house7',9806344051,'d02',2900,'Analyst'),('emp8','Indu','1997-03-05','house8',9893579977,'d06',4655,'Technician'),('emp9','Joyal','1999-06-18','house9',9713660021,'d05',308449,'Manager');
ERROR 1264 (22003): Out of range value for column 'mobile_no' at row 1
mysql> insert into Employee values ('emp0','Anu','1998-01-20','house1',973626219,'d00',84852,'Computer assistant'),('emp1','Ben','1999-03-16','house2',976431154,'d07',3804,'Guard'),('emp2','Arun','1999-04-06','house3',951444866,'d05',225650,'Computer assistant'),('emp3','Donny','1998-08-25','house4',973992942,'d09',44710,'Programmer'),('emp4','Rishi','1998-02-01','house5',917034694,'d04',306217,'Manager'),('emp5','Fathima','1997-12-02','house2',932838484,'d03',7000,'Technician'),('emp6','Gouri','1998-05-18','house6',974259079,'d04',117885,'Programmer'),('emp7','Haseena','1998-04-29','house7',980634051,'d02',2900,'Analyst'),('emp8','Indu','1997-03-05','house8',989579977,'d06',4655,'Technician'),('emp9','Joyal','1999-06-18','house9',971360021,'d05',308449,'Manager');
ERROR 1452 (23000): Cannot add or update a child row: a foreign key constraint fails (`organization`.`Employee`, CONSTRAINT `Employee_ibfk_1` FOREIGN KEY (`dept_no`) REFERENCES `Department` (`dept_no`) ON DELETE CASCADE)
mysql>          
mysql> 
mysql> 
mysql> 
mysql> 
mysql> 
mysql> delete from Department;
Query OK, 10 rows affected (0.00 sec)

mysql> insert into Department values('d00','abc'),('d01','bcd'),('d02','cde'),('d03','def'),('d04','efg'),('d05','fgh'),('d06','ghi'),('d07','hij'),('d08','ijk'),('d09','jkl');
Query OK, 10 rows affected (0.03 sec)
Records: 10  Duplicates: 0  Warnings: 0

mysql> select * from Department;
+---------+-----------+
| dept_no | dept_name |
+---------+-----------+
| d00     | abc       |
| d01     | bcd       |
| d02     | cde       |
| d03     | def       |
| d04     | efg       |
| d05     | fgh       |
| d06     | ghi       |
| d07     | hij       |
| d08     | ijk       |
| d09     | jkl       |
+---------+-----------+
10 rows in set (0.00 sec)

mysql> insert into Employee values ('emp0','Anu','1998-01-20','house1',973626219,'d00',84852,'Computer assistant'),('emp1','Ben','1999-03-16','house2',976431154,'d07',3804,'Guard'),('emp2','Arun','1999-04-06','house3',951444866,'d05',225650,'Computer assistant'),('emp3','Donny','1998-08-25','house4',973992942,'d09',44710,'Programmer'),('emp4','Rishi','1998-02-01','house5',917034694,'d04',306217,'Manager'),('emp5','Fathima','1997-12-02','house2',932838484,'d03',7000,'Technician'),('emp6','Gouri','1998-05-18','house6',974259079,'d04',117885,'Programmer'),('emp7','Haseena','1998-04-29','house7',980634051,'d02',2900,'Analyst'),('emp8','Indu','1997-03-05','house8',989579977,'d06',4655,'Technician'),('emp9','Joyal','1999-06-18','house9',971360021,'d05',308449,'Manager');
Query OK, 10 rows affected (0.03 sec)
Records: 10  Duplicates: 0  Warnings: 0

mysql> select * from Employee;
+--------+----------+------------+---------+-----------+---------+--------+--------------------+
| emp_no | emp_name | dob        | address | mobile_no | dept_no | salary | Designation        |
+--------+----------+------------+---------+-----------+---------+--------+--------------------+
| emp0   | Anu      | 1998-01-20 | house1  | 973626219 | d00     |  84852 | Computer assistant |
| emp1   | Ben      | 1999-03-16 | house2  | 976431154 | d07     |   3804 | Guard              |
| emp2   | Arun     | 1999-04-06 | house3  | 951444866 | d05     | 225650 | Computer assistant |
| emp3   | Donny    | 1998-08-25 | house4  | 973992942 | d09     |  44710 | Programmer         |
| emp4   | Rishi    | 1998-02-01 | house5  | 917034694 | d04     | 306217 | Manager            |
| emp5   | Fathima  | 1997-12-02 | house2  | 932838484 | d03     |   7000 | Technician         |
| emp6   | Gouri    | 1998-05-18 | house6  | 974259079 | d04     | 117885 | Programmer         |
| emp7   | Haseena  | 1998-04-29 | house7  | 980634051 | d02     |   2900 | Analyst            |
| emp8   | Indu     | 1997-03-05 | house8  | 989579977 | d06     |   4655 | Technician         |
| emp9   | Joyal    | 1999-06-18 | house9  | 971360021 | d05     | 308449 | Manager            |
+--------+----------+------------+---------+-----------+---------+--------+--------------------+
10 rows in set (0.00 sec)

mysql> select emp_no,emp_name from Employee where dept_no='d02';
+--------+----------+
| emp_no | emp_name |
+--------+----------+
| emp7   | Haseena  |
+--------+----------+
1 row in set (0.00 sec)

mysql> select emp_no,emp_name,Designation,dept_no,salary from Employee order by salary desc;
+--------+----------+--------------------+---------+--------+
| emp_no | emp_name | Designation        | dept_no | salary |
+--------+----------+--------------------+---------+--------+
| emp9   | Joyal    | Manager            | d05     | 308449 |
| emp4   | Rishi    | Manager            | d04     | 306217 |
| emp2   | Arun     | Computer assistant | d05     | 225650 |
| emp6   | Gouri    | Programmer         | d04     | 117885 |
| emp0   | Anu      | Computer assistant | d00     |  84852 |
| emp3   | Donny    | Programmer         | d09     |  44710 |
| emp5   | Fathima  | Technician         | d03     |   7000 |
| emp8   | Indu     | Technician         | d06     |   4655 |
| emp1   | Ben      | Guard              | d07     |   3804 |
| emp7   | Haseena  | Analyst            | d02     |   2900 |
+--------+----------+--------------------+---------+--------+
10 rows in set (0.00 sec)

mysql> select emp_no,emp_name from Employee where salary>=2000 and salary<=5000;
+--------+----------+
| emp_no | emp_name |
+--------+----------+
| emp1   | Ben      |
| emp7   | Haseena  |
| emp8   | Indu     |
+--------+----------+
3 rows in set (0.00 sec)

mysql> select emp_no,emp_name from Employee where salary between 2000 and 5000;
+--------+----------+
| emp_no | emp_name |
+--------+----------+
| emp1   | Ben      |
| emp7   | Haseena  |
| emp8   | Indu     |
+--------+----------+
3 rows in set (0.00 sec)

mysql> select distinct Designation from Employee;
+--------------------+
| Designation        |
+--------------------+
| Computer assistant |
| Guard              |
| Programmer         |
| Manager            |
| Technician         |
| Analyst            |
+--------------------+
6 rows in set (0.00 sec)

mysql> update Employee set salary=45000 where Designation='Manager';
Query OK, 2 rows affected (0.03 sec)
Rows matched: 2  Changed: 2  Warnings: 0

mysql> select * from Employee;
+--------+----------+------------+---------+-----------+---------+--------+--------------------+
| emp_no | emp_name | dob        | address | mobile_no | dept_no | salary | Designation        |
+--------+----------+------------+---------+-----------+---------+--------+--------------------+
| emp0   | Anu      | 1998-01-20 | house1  | 973626219 | d00     |  84852 | Computer assistant |
| emp1   | Ben      | 1999-03-16 | house2  | 976431154 | d07     |   3804 | Guard              |
| emp2   | Arun     | 1999-04-06 | house3  | 951444866 | d05     | 225650 | Computer assistant |
| emp3   | Donny    | 1998-08-25 | house4  | 973992942 | d09     |  44710 | Programmer         |
| emp4   | Rishi    | 1998-02-01 | house5  | 917034694 | d04     |  45000 | Manager            |
| emp5   | Fathima  | 1997-12-02 | house2  | 932838484 | d03     |   7000 | Technician         |
| emp6   | Gouri    | 1998-05-18 | house6  | 974259079 | d04     | 117885 | Programmer         |
| emp7   | Haseena  | 1998-04-29 | house7  | 980634051 | d02     |   2900 | Analyst            |
| emp8   | Indu     | 1997-03-05 | house8  | 989579977 | d06     |   4655 | Technician         |
| emp9   | Joyal    | 1999-06-18 | house9  | 971360021 | d05     |  45000 | Manager            |
+--------+----------+------------+---------+-----------+---------+--------+--------------------+
10 rows in set (0.00 sec)

mysql> update Employee set name='John' where emp_no='emp8';
ERROR 1054 (42S22): Unknown column 'name' in 'field list'
mysql> update Employee set emp_name='John' where emp_no='emp8';
Query OK, 1 row affected (0.00 sec)
Rows matched: 1  Changed: 1  Warnings: 0

mysql> select * from Employee;
+--------+----------+------------+---------+-----------+---------+--------+--------------------+
| emp_no | emp_name | dob        | address | mobile_no | dept_no | salary | Designation        |
+--------+----------+------------+---------+-----------+---------+--------+--------------------+
| emp0   | Anu      | 1998-01-20 | house1  | 973626219 | d00     |  84852 | Computer assistant |
| emp1   | Ben      | 1999-03-16 | house2  | 976431154 | d07     |   3804 | Guard              |
| emp2   | Arun     | 1999-04-06 | house3  | 951444866 | d05     | 225650 | Computer assistant |
| emp3   | Donny    | 1998-08-25 | house4  | 973992942 | d09     |  44710 | Programmer         |
| emp4   | Rishi    | 1998-02-01 | house5  | 917034694 | d04     |  45000 | Manager            |
| emp5   | Fathima  | 1997-12-02 | house2  | 932838484 | d03     |   7000 | Technician         |
| emp6   | Gouri    | 1998-05-18 | house6  | 974259079 | d04     | 117885 | Programmer         |
| emp7   | Haseena  | 1998-04-29 | house7  | 980634051 | d02     |   2900 | Analyst            |
| emp8   | John     | 1997-03-05 | house8  | 989579977 | d06     |   4655 | Technician         |
| emp9   | Joyal    | 1999-06-18 | house9  | 971360021 | d05     |  45000 | Manager            |
+--------+----------+------------+---------+-----------+---------+--------+--------------------+
10 rows in set (0.00 sec)

mysql> update Employee set mobile_no='987654321' where emp_name='John';
Query OK, 1 row affected (0.04 sec)
Rows matched: 1  Changed: 1  Warnings: 0

mysql> select * from Employee;
+--------+----------+------------+---------+-----------+---------+--------+--------------------+
| emp_no | emp_name | dob        | address | mobile_no | dept_no | salary | Designation        |
+--------+----------+------------+---------+-----------+---------+--------+--------------------+
| emp0   | Anu      | 1998-01-20 | house1  | 973626219 | d00     |  84852 | Computer assistant |
| emp1   | Ben      | 1999-03-16 | house2  | 976431154 | d07     |   3804 | Guard              |
| emp2   | Arun     | 1999-04-06 | house3  | 951444866 | d05     | 225650 | Computer assistant |
| emp3   | Donny    | 1998-08-25 | house4  | 973992942 | d09     |  44710 | Programmer         |
| emp4   | Rishi    | 1998-02-01 | house5  | 917034694 | d04     |  45000 | Manager            |
| emp5   | Fathima  | 1997-12-02 | house2  | 932838484 | d03     |   7000 | Technician         |
| emp6   | Gouri    | 1998-05-18 | house6  | 974259079 | d04     | 117885 | Programmer         |
| emp7   | Haseena  | 1998-04-29 | house7  | 980634051 | d02     |   2900 | Analyst            |
| emp8   | John     | 1997-03-05 | house8  | 987654321 | d06     |   4655 | Technician         |
| emp9   | Joyal    | 1999-06-18 | house9  | 971360021 | d05     |  45000 | Manager            |
+--------+----------+------------+---------+-----------+---------+--------+--------------------+
10 rows in set (0.00 sec)

mysql> select *from Employee where emp_name='John';
+--------+----------+------------+---------+-----------+---------+--------+-------------+
| emp_no | emp_name | dob        | address | mobile_no | dept_no | salary | Designation |
+--------+----------+------------+---------+-----------+---------+--------+-------------+
| emp8   | John     | 1997-03-05 | house8  | 987654321 | d06     |   4655 | Technician  |
+--------+----------+------------+---------+-----------+---------+--------+-------------+
1 row in set (0.00 sec)

mysql> delete from Employee where salary=7000;
Query OK, 1 row affected (0.03 sec)

mysql> select * from Employee;
+--------+----------+------------+---------+-----------+---------+--------+--------------------+
| emp_no | emp_name | dob        | address | mobile_no | dept_no | salary | Designation        |
+--------+----------+------------+---------+-----------+---------+--------+--------------------+
| emp0   | Anu      | 1998-01-20 | house1  | 973626219 | d00     |  84852 | Computer assistant |
| emp1   | Ben      | 1999-03-16 | house2  | 976431154 | d07     |   3804 | Guard              |
| emp2   | Arun     | 1999-04-06 | house3  | 951444866 | d05     | 225650 | Computer assistant |
| emp3   | Donny    | 1998-08-25 | house4  | 973992942 | d09     |  44710 | Programmer         |
| emp4   | Rishi    | 1998-02-01 | house5  | 917034694 | d04     |  45000 | Manager            |
| emp6   | Gouri    | 1998-05-18 | house6  | 974259079 | d04     | 117885 | Programmer         |
| emp7   | Haseena  | 1998-04-29 | house7  | 980634051 | d02     |   2900 | Analyst            |
| emp8   | John     | 1997-03-05 | house8  | 987654321 | d06     |   4655 | Technician         |
| emp9   | Joyal    | 1999-06-18 | house9  | 971360021 | d05     |  45000 | Manager            |
+--------+----------+------------+---------+-----------+---------+--------+--------------------+
9 rows in set (0.00 sec)

mysql> select emp_name,mobile_no from Employee where emp_name like 'A%';
+----------+-----------+
| emp_name | mobile_no |
+----------+-----------+
| Anu      | 973626219 |
| Arun     | 951444866 |
+----------+-----------+
2 rows in set (0.00 sec)

mysql> select * from Employee where emp_name like '___%' and salary>20000;
+--------+----------+------------+---------+-----------+---------+--------+--------------------+
| emp_no | emp_name | dob        | address | mobile_no | dept_no | salary | Designation        |
+--------+----------+------------+---------+-----------+---------+--------+--------------------+
| emp0   | Anu      | 1998-01-20 | house1  | 973626219 | d00     |  84852 | Computer assistant |
| emp2   | Arun     | 1999-04-06 | house3  | 951444866 | d05     | 225650 | Computer assistant |
| emp3   | Donny    | 1998-08-25 | house4  | 973992942 | d09     |  44710 | Programmer         |
| emp4   | Rishi    | 1998-02-01 | house5  | 917034694 | d04     |  45000 | Manager            |
| emp6   | Gouri    | 1998-05-18 | house6  | 974259079 | d04     | 117885 | Programmer         |
| emp9   | Joyal    | 1999-06-18 | house9  | 971360021 | d05     |  45000 | Manager            |
+--------+----------+------------+---------+-----------+---------+--------+--------------------+
6 rows in set (0.00 sec)

mysql> select * from Employee where emp_no='emp1','emp2';
ERROR 1064 (42000): You have an error in your SQL syntax; check the manual that corresponds to your MySQL server version for the right syntax to use near ','emp2'' at line 1
mysql> select * from Employee where emp_no in('emp1','emp2','emp6');
+--------+----------+------------+---------+-----------+---------+--------+--------------------+
| emp_no | emp_name | dob        | address | mobile_no | dept_no | salary | Designation        |
+--------+----------+------------+---------+-----------+---------+--------+--------------------+
| emp1   | Ben      | 1999-03-16 | house2  | 976431154 | d07     |   3804 | Guard              |
| emp2   | Arun     | 1999-04-06 | house3  | 951444866 | d05     | 225650 | Computer assistant |
| emp6   | Gouri    | 1998-05-18 | house6  | 974259079 | d04     | 117885 | Programmer         |
+--------+----------+------------+---------+-----------+---------+--------+--------------------+
3 rows in set (0.00 sec)

mysql> select emp_no,emp_name from Employee where salary between 120000 and 300000;
+--------+----------+
| emp_no | emp_name |
+--------+----------+
| emp2   | Arun     |
+--------+----------+
1 row in set (0.00 sec)

mysql> select * from Employee where Designation='Manager' or Designation='Computer assistant';
+--------+----------+------------+---------+-----------+---------+--------+--------------------+
| emp_no | emp_name | dob        | address | mobile_no | dept_no | salary | Designation        |
+--------+----------+------------+---------+-----------+---------+--------+--------------------+
| emp0   | Anu      | 1998-01-20 | house1  | 973626219 | d00     |  84852 | Computer assistant |
| emp2   | Arun     | 1999-04-06 | house3  | 951444866 | d05     | 225650 | Computer assistant |
| emp4   | Rishi    | 1998-02-01 | house5  | 917034694 | d04     |  45000 | Manager            |
| emp9   | Joyal    | 1999-06-18 | house9  | 971360021 | d05     |  45000 | Manager            |
+--------+----------+------------+---------+-----------+---------+--------+--------------------+
4 rows in set (0.00 sec)

mysql> select dept_no, COUNT(*) from Employee group by dept_no;
+---------+----------+
| dept_no | COUNT(*) |
+---------+----------+
| d00     |        1 |
| d02     |        1 |
| d04     |        2 |
| d05     |        2 |
| d06     |        1 |
| d07     |        1 |
| d09     |        1 |
+---------+----------+
7 rows in set (0.02 sec)

mysql> select AVG(salary) from Emplloyee;
ERROR 1146 (42S02): Table 'organization.Emplloyee' doesn't exist
mysql> select dept_no,AVG(salary) from Employee group by dept_no;
+---------+-------------+
| dept_no | AVG(salary) |
+---------+-------------+
| d00     |  84852.0000 |
| d02     |   2900.0000 |
| d04     |  81442.5000 |
| d05     | 135325.0000 |
| d06     |   4655.0000 |
| d07     |   3804.0000 |
| d09     |  44710.0000 |
+---------+-------------+
7 rows in set (0.00 sec)

mysql> select dept_no, COUNT(*) from Employee e FULL JOIN Department d on e.dept_no=d.dept_no group by dept_no;
ERROR 1064 (42000): You have an error in your SQL syntax; check the manual that corresponds to your MySQL server version for the right syntax to use near 'FULL JOIN Department d on e.dept_no=d.dept_no group by dept_no' at line 1
mysql> select dept_no, COUNT(*) from Employee FULL JOIN Department on Employee.dept_no=Department.dept_no group by dept_no;
ERROR 1052 (23000): Column 'dept_no' in field list is ambiguous
mysql> select dept_no, COUNT(*) from Employee FULL JOIN Department on Employee.dept_no=Department.dept_no group by dept_no;
ERROR 1052 (23000): Column 'dept_no' in field list is ambiguous
mysql> select dept_no, COUNT(*) from Employee FULL JOIN Department on Employee.dept_no=Department.dept_no group by Department.dept_no;
ERROR 1052 (23000): Column 'dept_no' in field list is ambiguous
mysql> select dept_no, COUNT(*)group by Department.dept_no; from Employee FULL JOIN Department on Employee.dept_no=Department.dept_no group by Department.dept_no;
ERROR 1054 (42S22): Unknown column 'dept_no' in 'field list'
ERROR 1064 (42000): You have an error in your SQL syntax; check the manual that corresponds to your MySQL server version for the right syntax to use near 'from Employee FULL JOIN Department on Employee.dept_no=Department.dept_no group ' at line 1
mysql> select dept_no, COUNT(*) group by Department.dept_no from Employee FULL JOIN Department on Employee.dept_no=Department.dept_no ;
ERROR 1064 (42000): You have an error in your SQL syntax; check the manual that corresponds to your MySQL server version for the right syntax to use near 'from Employee FULL JOIN Department on Employee.dept_no=Department.dept_no' at line 1
mysql> select dept_no,SUM(salary) from Employee group by dept_no;
+---------+-------------+
| dept_no | SUM(salary) |
+---------+-------------+
| d00     |       84852 |
| d02     |        2900 |
| d04     |      162885 |
| d05     |      270650 |
| d06     |        4655 |
| d07     |        3804 |
| d09     |       44710 |
+---------+-------------+
7 rows in set (0.00 sec)

mysql> select dept_no,MAX(salary) as topsalary,MIN(salary) as lowersalary from Employee group by dept_no;
+---------+-----------+-------------+
| dept_no | topsalary | lowersalary |
+---------+-----------+-------------+
| d00     |     84852 |       84852 |
| d02     |      2900 |        2900 |
| d04     |    117885 |       45000 |
| d05     |    225650 |       45000 |
| d06     |      4655 |        4655 |
| d07     |      3804 |        3804 |
| d09     |     44710 |       44710 |
+---------+-----------+-------------+
7 rows in set (0.00 sec)

mysql> select dept_no,AVG(salary) from Employee where dept_group by dept_no;
ERROR 1064 (42000): You have an error in your SQL syntax; check the manual that corresponds to your MySQL server version for the right syntax to use near 'by dept_no' at line 1
mysql> select dept_no,AVG(salary) from Employee where dept_no!='d05' group by dept_no;
+---------+-------------+
| dept_no | AVG(salary) |
+---------+-------------+
| d00     |  84852.0000 |
| d02     |   2900.0000 |
| d04     |  81442.5000 |
| d06     |   4655.0000 |
| d07     |   3804.0000 |
| d09     |  44710.0000 |
+---------+-------------+
6 rows in set (0.00 sec)



--new--baaki--
mv:- geeks.

cp:-The cp command is used to copy a file or directory.
Syntax:
To copy in the same directory:    cp <existing file name> <new file name>  
To copy in a different directory: cp <existing file name> <dir name>  
cp -r
Option 'r' with the copy command can be used to copy a directory including all its content from a source directory to the destination directory.

Syntax:    cp -r <sourceDirectory> <destinationDirectory>  

Example:    cp -r library /home/sssit/Documents  

rm stands for remove here. rm command is used to remove objects such as files, directories, symbolic links and so on from the file system like UNIX. To be more precise, rm removes references to objects from the filesystem, where those objects might have had multiple references (for example, a file with two different names). By default, it does not remove directories. This command normally works silently and you should be very careful while running rm command because once you delete the files then you are not able to recover the contents of files and directories.
 Syntax: rm [OPTION]... FILE...
baaki in geeks.
